// Jest Snapshot v1, https://goo.gl/fbAQLP

exports[`ProfilePopup Snapshot: 
    <div
      className="profile_popup"
    >
      <h1>
        Профиль
      </h1>
      <p>
        Способ оплаты
      </p>
      <form
        onSubmit={[Function]}
      >
        <div>
          <div>
            <label>
              Номер карты:
              <input
                onChange={[Function]}
                placeholder="1234 5678 1234 5678"
                type="text"
                value=""
              />
            </label>
            <label>
              Срок действия:
              <input
                onChange={[Function]}
                placeholder="00/00"
                type="text"
                value=""
              />
            </label>
          </div>
          <div>
            <label>
               Имя владельца:
               <input
                  onChange={[Function]}
                  placeholder="USER NAME"
                  type="text"
                  value=""
               />
            </label>
            <label>
               CVC:
               <input
                  onChange={[Function]}
                  placeholder="***"
                  type="password"
                  value=""
               />
            </label>
            </div>
         </div>
         <input
            onClick={[Function]}
            type="submit"
            value="Сохранить"
         />
         </form>
      </div>
    1`] = `
<div
  className="profile_popup"
>
  <h1>
    Профиль
  </h1>
  <p>
    Способ оплаты
  </p>
  <form
    onSubmit={[Function]}
  >
    <div>
      <div>
        <label>
          Номер карты:
          <input
            onChange={[Function]}
            placeholder="1234 5678 1234 5678"
            type="text"
            value=""
          />
        </label>
        <label>
          Срок действия:
          <input
            onChange={[Function]}
            placeholder="00/00"
            type="text"
            value=""
          />
        </label>
      </div>
      <div>
        <label>
          Имя владельца:
          <input
            onChange={[Function]}
            placeholder="USER NAME"
            type="text"
            value=""
          />
        </label>
        <label>
          CVC:
          <input
            onChange={[Function]}
            placeholder="***"
            type="password"
            value=""
          />
        </label>
      </div>
    </div>
    <input
      onClick={[Function]}
      type="submit"
      value="Сохранить"
    />
  </form>
</div>
`;

exports[`ProfilePopup Snapshot: 
    <div
      className="profile_popup"
    >
      <h1>
        Профиль
      </h1>
      <p>
        Способ оплаты
      </p>
      <form
        onSubmit={[Function]}
      >
        <div>
          <div>
            <label>
              Номер карты:
              <input
                onChange={[Function]}
                placeholder="1234 5678 1234 5678"
                type="text"
                value=""
              />
            </label>
            <label>
              Срок действия:
              <input
                onChange={[Function]}
                placeholder="00/00"
                type="text"
                value=""
              />
            </label>
          </div>
          <div>
            <label>
              Имя владельца:
              <input
                onChange={[Function]}
                placeholder="USER NAME"
                type="text"
                value=""
              />
            </label>
            <label>
               CVC:
               <input
                  onChange={[Function]}
                  placeholder="***"
                  type="password"
                  value=""
               />
               </label>
            </div>
         </div>
         <input
            onClick={[Function]}
            type="submit"
            value="Сохранить"
         />
         </form>
      </div>
    1`] = `
<div
  className="profile_popup"
>
  <h1>
    Профиль
  </h1>
  <p>
    Способ оплаты
  </p>
  <form
    onSubmit={[Function]}
  >
    <div>
      <div>
        <label>
          Номер карты:
          <input
            onChange={[Function]}
            placeholder="1234 5678 1234 5678"
            type="text"
            value=""
          />
        </label>
        <label>
          Срок действия:
          <input
            onChange={[Function]}
            placeholder="00/00"
            type="text"
            value=""
          />
        </label>
      </div>
      <div>
        <label>
          Имя владельца:
          <input
            onChange={[Function]}
            placeholder="USER NAME"
            type="text"
            value=""
          />
        </label>
        <label>
          CVC:
          <input
            onChange={[Function]}
            placeholder="***"
            type="password"
            value=""
          />
        </label>
      </div>
    </div>
    <input
      onClick={[Function]}
      type="submit"
      value="Сохранить"
    />
  </form>
</div>
`;

exports[`ProfilePopup Snapshot: 
    <div
      className="profile_popup"
    >
      <h1>
        Профиль
      </h1>
      <p>
        Способ оплаты
      </p>
      <form
        onSubmit={[Function]}
      >
        <div>
          <div>
            <label>
              Номер карты:
              <input
                onChange={[Function]}
                placeholder="1234 5678 1234 5678"
                type="text"
                value=""
              />
            </label>
            <label>
              Срок действия:
              <input
                onChange={[Function]}
                placeholder="00/00"
                type="text"
                value=""
              />
            </label>
          </div>
          <div>
            <label>
              Имя владельца:
              <input
                onChange={[Function]}
                placeholder="USER NAME"
                type="text"
                value=""
              />
            </label>
            <label>
               CVC:
               <input
                  onChange={[Function]}
                  placeholder="***"
                  type="password"
                  value=""
               />
            </label>
            </div>
         </div>
         <input
            onClick={[Function]}
            type="submit"
            value="Сохранить"
         />
         </form>
      </div>
    1`] = `
<div
  className="profile_popup"
>
  <h1>
    Профиль
  </h1>
  <p>
    Способ оплаты
  </p>
  <form
    onSubmit={[Function]}
  >
    <div>
      <div>
        <label>
          Номер карты:
          <input
            onChange={[Function]}
            placeholder="1234 5678 1234 5678"
            type="text"
            value=""
          />
        </label>
        <label>
          Срок действия:
          <input
            onChange={[Function]}
            placeholder="00/00"
            type="text"
            value=""
          />
        </label>
      </div>
      <div>
        <label>
          Имя владельца:
          <input
            onChange={[Function]}
            placeholder="USER NAME"
            type="text"
            value=""
          />
        </label>
        <label>
          CVC:
          <input
            onChange={[Function]}
            placeholder="***"
            type="password"
            value=""
          />
        </label>
      </div>
    </div>
    <input
      onClick={[Function]}
      type="submit"
      value="Сохранить"
    />
  </form>
</div>
`;

exports[`ProfilePopup Snapshot: 
    <div
      className="profile_popup"
    >
      <h1>
        Профиль
      </h1>
      <p>
        Способ оплаты
      </p>
      <form
        onSubmit={[Function]}
      >
        <div>
          <div>
            <label>
              Номер карты:
              <input
                onChange={[Function]}
                placeholder="1234 5678 1234 5678"
                type="text"
                value=""
              />
            </label>
            <label>
              Срок действия:
              <input
                onChange={[Function]}
                placeholder="00/00"
                type="text"
                value=""
              />
            </label>
          </div>
          <div>
            <label>
              Имя владельца:
              <input
                onChange={[Function]}
                placeholder="USER NAME"
                type="text"
                value=""
              />
            </label>
            <label>
              CVC:
              <input
                onChange={[Function]}
                placeholder="***"
                type="password"
                value=""
              />
            </label>
          </div>
        </div>
        <input
          onClick={[Function]}
          type="submit"
          value="Сохранить"
        />
      </form>
    </div>
   1`] = `
<div
  className="profile_popup"
>
  <h1>
    Профиль
  </h1>
  <p>
    Способ оплаты
  </p>
  <form
    onSubmit={[Function]}
  >
    <div>
      <div>
        <label>
          Номер карты:
          <input
            onChange={[Function]}
            placeholder="1234 5678 1234 5678"
            type="text"
            value=""
          />
        </label>
        <label>
          Срок действия:
          <input
            onChange={[Function]}
            placeholder="00/00"
            type="text"
            value=""
          />
        </label>
      </div>
      <div>
        <label>
          Имя владельца:
          <input
            onChange={[Function]}
            placeholder="USER NAME"
            type="text"
            value=""
          />
        </label>
        <label>
          CVC:
          <input
            onChange={[Function]}
            placeholder="***"
            type="password"
            value=""
          />
        </label>
      </div>
    </div>
    <input
      onClick={[Function]}
      type="submit"
      value="Сохранить"
    />
  </form>
</div>
`;
